// Jest Snapshot v1, https://goo.gl/fbAQLP

exports[`Footer component should render Footer component successfully 1`] = `
<div>
  <footer>
    <p
      class="text-center my-10"
    >
      2022
       
      -
       
      <a
        class="underline"
        href="https://github.com/zhaardhia"
      >
        zhaardhia
      </a>
    </p>
  </footer>
</div>
`;
